
> muzammiljaved@2.0.3 build
> next build

info  - Checking validity of types...

./components/CardProject.jsx
150:21  Warning: Do not use <img>. Use Image from 'next/image' instead. See: https://nextjs.org/docs/messages/no-img-element  @next/next/no-img-element

./components/Head.jsx
43:13  Warning: Custom fonts not added at the document level will only load for a single page. This is discouraged. See: https://nextjs.org/docs/messages/no-page-custom-font  @next/next/no-page-custom-font

info  - Need to disable some ESLint rules? Learn more here: https://nextjs.org/docs/basic-features/eslint#disabling-rules
info  - Creating an optimized production build...
info  - Disabled SWC as replacement for Babel because of custom Babel configuration ".babelrc" https://nextjs.org/docs/messages/swc-disabled
node.exe : Failed to 
compile.
At line:1 char:1
+ & "C:\Program 
Files\nodejs/node.exe" "C:\U
sers\PMYLS\AppData\Roaming\ 
...
+ ~~~~~~~~~~~~~~~~~~~~~~~~~~
~~~~~~~~~~~~~~~~~~~~~~~~~~~~
~~~~~~~~~~~~~~~
    + CategoryInfo          
    : NotSpecified: (Faile  
  d to compile.:String) [   
 ], RemoteException
    + FullyQualifiedErrorId 
    : NativeCommandError
 

./node_modules/react-awesome
-reveal/dist/index.js
Module not found: Can't 
resolve '@emotion/react/jsx-
runtime' in 'E:\Projects\Por
tfolio\portfolio-mijay-main\
node_modules\react-awesome-r
eveal\dist'

Import trace for requested 
module:
./pages/faq.jsx

./node_modules/react-awesome
-reveal/dist/index.js
Module not found: Can't 
resolve '@emotion/react' in 
'E:\Projects\Portfolio\portf
olio-mijay-main\node_modules
\react-awesome-reveal\dist'

Import trace for requested 
module:
./pages/faq.jsx


> Build failed because of 
webpack errors
